etc ? ?
etc/fs ? ?
etc/fs/samfs root sys
etc/opt ? ?
etc/sysevent ? ?
etc/sysevent/config ? ?
kernel ? ?
kernel/drv ? ?
kernel/drv/amd64 ? ?
kernel/fs ? ?
kernel/fs/amd64 ? ?
lib/svc ? ?
lib/svc/method ? ?
opt ? ?
opt/SUNWsamfs root other
opt/SUNWsamfs/bin root other
opt/SUNWsamfs/client root other
opt/SUNWsamfs/client/examples root other
opt/SUNWsamfs/client/include root other
opt/SUNWsamfs/client/lib root other
opt/SUNWsamfs/client/src root other
opt/SUNWsamfs/client/src/client root other
opt/SUNWsamfs/client/src/xdr root other
opt/SUNWsamfs/doc root other
opt/SUNWsamfs/etc root sys
opt/SUNWsamfs/etc/csn root sys
opt/SUNWsamfs/etc/scripts root sys
opt/SUNWsamfs/etc/startup root bin
opt/SUNWsamfs/examples root other
opt/SUNWsamfs/examples/dtrace root other
opt/SUNWsamfs/include root other
opt/SUNWsamfs/lib root other
opt/SUNWsamfs/lib/amd64 root other
opt/SUNWsamfs/lib/gpl root other
opt/SUNWsamfs/lib/stk root other
opt/SUNWsamfs/man root other
opt/SUNWsamfs/man/man1 root other
opt/SUNWsamfs/man/man1m root other
opt/SUNWsamfs/man/man3 root other
opt/SUNWsamfs/man/man3x root other
opt/SUNWsamfs/man/man4 root other
opt/SUNWsamfs/man/man5 root other
opt/SUNWsamfs/man/man7 root other
opt/SUNWsamfs/sbin root bin
opt/SUNWsamfs/sbin/amd64 root bin
opt/SUNWsamfs/sbin/i386 root bin
opt/SUNWsamfs/unsupported root sys
opt/SUNWsamfs/util root sys
opt/SUNWsamfs/zone root other
opt/SUNWsamfs/zone/bin root other
opt/SUNWsamfs/zone/lib root other
opt/SUNWsamfs/zone/man root other
opt/SUNWsamfs/zone/man/man1 root root
opt/SUNWsamfs/zone/sbin root bin
var ? ?
var/opt ? ?
var/opt/SUNWsamfs root sys
var/opt/SUNWsamfs/archiver root sys
var/opt/SUNWsamfs/catalog root sys
var/opt/SUNWsamfs/cores root sys
var/opt/SUNWsamfs/devlog root sys
var/opt/SUNWsamfs/doc root sys
var/opt/SUNWsamfs/errcodes root sys
var/opt/SUNWsamfs/faults root sys
var/opt/SUNWsamfs/fsd root sys
var/opt/SUNWsamfs/sef root sys
var/opt/SUNWsamfs/uds root sys
var/snmp ? ?
var/snmp/mib ? ?
var/svc ? ?
var/svc/manifest ? ?
var/svc/manifest/application ? ?
var/svc/manifest/application/management ? ?
var/svc/manifest/network ? ?
var/svc/manifest/network/qfs root sys
lib ? ?
lib/svc ? ?
lib/svc/method ? ?
usr ? ?
usr/lib ? ?
usr/lib/devfsadm ? ?
usr/lib/devfsadm/linkmod ? ?
usr/lib/fs ? ?
usr/lib/fs/samfs root sys
usr/lib/fs/samfs/amd64 root bin
usr/lib/fs/samfs/i386 root bin
usr/lib/locale ? ?
usr/lib/locale/C ? ?
usr/lib/locale/C/LC_MESSAGES ? ?
usr/sfw ? ?
usr/sfw/bin ? ?
var ? ?
var/svc ? ?
var/svc/manifest ? ?
var/svc/manifest/system ? ?
