etc/fs/samfs/mount 0750
etc/fs/samfs/umount 0750
etc/sysevent/config/SUNW,SUNWsamfs,sysevent.conf 0644
kernel/drv/64/samaio 0755
kernel/drv/64/samioc 0755
kernel/drv/samaio.conf 0644
kernel/drv/samioc.conf 0644
kernel/fs/64/samfs 0755
lib/svc/method/svc-qfs-shared-mount 0555
opt/SUNWsamfs/bin/archive 0755
opt/SUNWsamfs/bin/request 0755
opt/SUNWsamfs/bin/schproj 04755
opt/SUNWsamfs/bin/sdu 0755
opt/SUNWsamfs/bin/sfind 0755
opt/SUNWsamfs/bin/sls 0755
opt/SUNWsamfs/client/examples/Makefile 0644
opt/SUNWsamfs/client/examples/archive.c 0644
opt/SUNWsamfs/client/examples/samstat.c 0644
opt/SUNWsamfs/client/lib/libsamrpc.so 0755
opt/SUNWsamfs/client/src/client/Makefile 0644
opt/SUNWsamfs/client/src/client/sam_attrtoa.c 0644
opt/SUNWsamfs/client/src/client/samfs_clnt.c 0644
opt/SUNWsamfs/client/src/client/samrpc.c 0644
opt/SUNWsamfs/client/src/xdr/Makefile 0644
opt/SUNWsamfs/client/src/xdr/sam_xdr.c 0644
opt/SUNWsamfs/doc/tapealert.text 0640
opt/SUNWsamfs/etc/samdb.schema 0640
opt/SUNWsamfs/etc/samdb_sql.cat 0640
opt/SUNWsamfs/etc/startup/samsyschk 0550
opt/SUNWsamfs/examples/archiver.sh 0754
opt/SUNWsamfs/examples/defaults.conf 0644
opt/SUNWsamfs/examples/dev_down.sh 0754
opt/SUNWsamfs/examples/inquiry.conf 0644
opt/SUNWsamfs/examples/log_rotate.sh 0754
opt/SUNWsamfs/examples/recover.sh 0754
opt/SUNWsamfs/examples/recycler.sh 0754
opt/SUNWsamfs/examples/save_core.sh 0754
opt/SUNWsamfs/examples/ssi.sh 0754
opt/SUNWsamfs/examples/tarback.sh 0754
opt/SUNWsamfs/include/catalog.h 0644
opt/SUNWsamfs/include/devstat.h 0644
opt/SUNWsamfs/include/lib.h 0644
opt/SUNWsamfs/include/listio.h 0644
opt/SUNWsamfs/include/mig.h 0644
opt/SUNWsamfs/include/rminfo.h 0644
opt/SUNWsamfs/include/samrpc.h 0644
opt/SUNWsamfs/include/sefstructs.h 0644
opt/SUNWsamfs/include/sefvals.h 0644
opt/SUNWsamfs/include/stat.h 0644
opt/SUNWsamfs/include/version.h 0644
opt/SUNWsamfs/lib/64/libsam.so 0755
opt/SUNWsamfs/lib/libarch.so 0755
opt/SUNWsamfs/lib/libfsmdb.so 0755
opt/SUNWsamfs/lib/libfsmgmt.so 0755
opt/SUNWsamfs/lib/libpax_hdr.so 0755
opt/SUNWsamfs/lib/librecycler.so 0755
opt/SUNWsamfs/lib/libsam.so 0755
opt/SUNWsamfs/lib/libsamapi.so 0755
opt/SUNWsamfs/lib/libsamcat.so 0755
opt/SUNWsamfs/lib/libsamdb.so 0755
opt/SUNWsamfs/lib/libsamfs.so 0755
opt/SUNWsamfs/lib/libsammig.so 0755
opt/SUNWsamfs/lib/libsamrft.so 0755
opt/SUNWsamfs/lib/libsamut.so 0755
opt/SUNWsamfs/lib/libstager.so 0755
opt/SUNWsamfs/man/man1/archive.1 0644
opt/SUNWsamfs/man/man1/release.1 0644
opt/SUNWsamfs/man/man1/request.1 0644
opt/SUNWsamfs/man/man1/schproj.1 0644
opt/SUNWsamfs/man/man1/sdu.1 0644
opt/SUNWsamfs/man/man1/segment.1 0644
opt/SUNWsamfs/man/man1/setfa.1 0644
opt/SUNWsamfs/man/man1/sfind.1 0644
opt/SUNWsamfs/man/man1/sls.1 0644
opt/SUNWsamfs/man/man1/squota.1 0644
opt/SUNWsamfs/man/man1/ssum.1 0644
opt/SUNWsamfs/man/man1/stage.1 0644
opt/SUNWsamfs/man/man8/HAStoragePlus_samfs.8 0644
opt/SUNWsamfs/man/man8/archive_audit.8 0444
opt/SUNWsamfs/man/man8/archiver.8 0644
opt/SUNWsamfs/man/man8/archiver.sh.8 0644
opt/SUNWsamfs/man/man8/auditslot.8 0644
opt/SUNWsamfs/man/man8/backto.8 0644
opt/SUNWsamfs/man/man8/build_cat.8 0644
opt/SUNWsamfs/man/man8/chmed.8 0644
opt/SUNWsamfs/man/man8/cleandrive.8 0644
opt/SUNWsamfs/man/man8/dev_down.sh.8 0644
opt/SUNWsamfs/man/man8/dmpshm.8 0644
opt/SUNWsamfs/man/man8/dump_cat.8 0644
opt/SUNWsamfs/man/man8/dump_log.8 0644
opt/SUNWsamfs/man/man8/exarchive.8 0644
opt/SUNWsamfs/man/man8/export.8 0644
opt/SUNWsamfs/man/man8/fsmadm.8 0444
opt/SUNWsamfs/man/man8/fsmdb.8 0644
opt/SUNWsamfs/man/man8/fsmgmtd.8 0444
opt/SUNWsamfs/man/man8/generic.8 0644
opt/SUNWsamfs/man/man8/import.8 0644
opt/SUNWsamfs/man/man8/itemize.8 0644
opt/SUNWsamfs/man/man8/load.8 0644
opt/SUNWsamfs/man/man8/load_notify.sh.8 0644
opt/SUNWsamfs/man/man8/log_rotate.sh.8 0644
opt/SUNWsamfs/man/man8/mount_samfs.8 0644
opt/SUNWsamfs/man/man8/move.8 0644
opt/SUNWsamfs/man/man8/nrecycler.sh.8 0644
opt/SUNWsamfs/man/man8/odlabel.8 0644
opt/SUNWsamfs/man/man8/rearch.8 0644
opt/SUNWsamfs/man/man8/recover.sh.8 0644
opt/SUNWsamfs/man/man8/recycler.8 0644
opt/SUNWsamfs/man/man8/recycler.sh.8 0644
opt/SUNWsamfs/man/man8/releaser.8 0644
opt/SUNWsamfs/man/man8/reserve.8 0644
opt/SUNWsamfs/man/man8/restore.sh.8 0644
opt/SUNWsamfs/man/man8/robots.8 0644
opt/SUNWsamfs/man/man8/rpc.sam.8 0644
opt/SUNWsamfs/man/man8/sam-amld.8 0644
opt/SUNWsamfs/man/man8/sam-archiverd.8 0644
opt/SUNWsamfs/man/man8/sam-arcopy.8 0644
opt/SUNWsamfs/man/man8/sam-arfind.8 0644
opt/SUNWsamfs/man/man8/sam-catserverd.8 0644
opt/SUNWsamfs/man/man8/sam-clientd.8 0644
opt/SUNWsamfs/man/man8/sam-dbupd.8 0644
opt/SUNWsamfs/man/man8/sam-fsalogd.8 0644
opt/SUNWsamfs/man/man8/sam-fsd.8 0644
opt/SUNWsamfs/man/man8/sam-ftpd.8 0644
opt/SUNWsamfs/man/man8/sam-genericd.8 0644
opt/SUNWsamfs/man/man8/sam-nrecycler.8 0644
opt/SUNWsamfs/man/man8/sam-recycler.8 0644
opt/SUNWsamfs/man/man8/sam-releaser.8 0644
opt/SUNWsamfs/man/man8/sam-rftd.8 0644
opt/SUNWsamfs/man/man8/sam-robotsd.8 0644
opt/SUNWsamfs/man/man8/sam-rpcd.8 0644
opt/SUNWsamfs/man/man8/sam-scannerd.8 0644
opt/SUNWsamfs/man/man8/sam-serverd.8 0644
opt/SUNWsamfs/man/man8/sam-sharefsd.8 0644
opt/SUNWsamfs/man/man8/sam-shrink.8 0644
opt/SUNWsamfs/man/man8/sam-stagealld.8 0644
opt/SUNWsamfs/man/man8/sam-stagerd.8 0644
opt/SUNWsamfs/man/man8/sam-stagerd_copy.8 0644
opt/SUNWsamfs/man/man8/sam-stk_helper.8 0644
opt/SUNWsamfs/man/man8/sam-stkd.8 0644
opt/SUNWsamfs/man/man8/samadm.8 0644
opt/SUNWsamfs/man/man8/sambcheck.8 0644
opt/SUNWsamfs/man/man8/samchaid.8 0644
opt/SUNWsamfs/man/man8/samcmd.8 0644
opt/SUNWsamfs/man/man8/samcrondump.8 0644
opt/SUNWsamfs/man/man8/samcronfix.8 0644
opt/SUNWsamfs/man/man8/samd.8 0644
opt/SUNWsamfs/man/man8/samdb.8 0644
opt/SUNWsamfs/man/man8/samexplorer.8 0644
opt/SUNWsamfs/man/man8/samexport.8 0644
opt/SUNWsamfs/man/man8/samfsck.8 0644
opt/SUNWsamfs/man/man8/samfsconfig.8 0644
opt/SUNWsamfs/man/man8/samfsdump.8 0644
opt/SUNWsamfs/man/man8/samfsinfo.8 0644
opt/SUNWsamfs/man/man8/samfsrestore.8 0644
opt/SUNWsamfs/man/man8/samfstyp.8 0644
opt/SUNWsamfs/man/man8/samgrowfs.8 0644
opt/SUNWsamfs/man/man8/samimport.8 0644
opt/SUNWsamfs/man/man8/samload.8 0644
opt/SUNWsamfs/man/man8/sammkfs.8 0644
opt/SUNWsamfs/man/man8/samncheck.8 0644
opt/SUNWsamfs/man/man8/samquota.8 0644
opt/SUNWsamfs/man/man8/samquotastat.8 0644
opt/SUNWsamfs/man/man8/samset.8 0644
opt/SUNWsamfs/man/man8/samsharefs.8 0644
opt/SUNWsamfs/man/man8/samsnoop.8 0644
opt/SUNWsamfs/man/man8/samstorade.8 0644
opt/SUNWsamfs/man/man8/samtrace.8 0644
opt/SUNWsamfs/man/man8/samu.8 0644
opt/SUNWsamfs/man/man8/samunhold.8 0644
opt/SUNWsamfs/man/man8/save_core.sh.8 0644
opt/SUNWsamfs/man/man8/scanner.8 0644
opt/SUNWsamfs/man/man8/sefreport.8 0644
opt/SUNWsamfs/man/man8/sendtrap.8 0644
opt/SUNWsamfs/man/man8/set_admin.8 0644
opt/SUNWsamfs/man/man8/set_state.8 0644
opt/SUNWsamfs/man/man8/showqueue.8 0644
opt/SUNWsamfs/man/man8/stageall.8 0644
opt/SUNWsamfs/man/man8/stageback.sh.8 0644
opt/SUNWsamfs/man/man8/star.8 0644
opt/SUNWsamfs/man/man8/tapealert.8 0444
opt/SUNWsamfs/man/man8/tarback.sh.8 0644
opt/SUNWsamfs/man/man8/tplabel.8 0644
opt/SUNWsamfs/man/man8/trace_rotate.8 0644
opt/SUNWsamfs/man/man8/umount_samfs.8 0444
opt/SUNWsamfs/man/man8/unarchive.8 0444
opt/SUNWsamfs/man/man8/undamage.8 0644
opt/SUNWsamfs/man/man8/unload.8 0444
opt/SUNWsamfs/man/man8/unrearch.8 0644
opt/SUNWsamfs/man/man8/unreserve.8 0644
opt/SUNWsamfs/man/man3/intro_libsam.3 0644
opt/SUNWsamfs/man/man3/intro_libsamrpc.3 0644
opt/SUNWsamfs/man/man3/qfs_listio.3 0644
opt/SUNWsamfs/man/man3/sam_advise.3 0644
opt/SUNWsamfs/man/man3/sam_archive.3 0644
opt/SUNWsamfs/man/man3/sam_cancelstage.3 0644
opt/SUNWsamfs/man/man3/sam_closecat.3 0644
opt/SUNWsamfs/man/man3/sam_damage.3 0644
opt/SUNWsamfs/man/man3/sam_devstat.3 0644
opt/SUNWsamfs/man/man3/sam_devstr.3 0644
opt/SUNWsamfs/man/man3/sam_exarchive.3 0644
opt/SUNWsamfs/man/man3/sam_getcatalog.3 0644
opt/SUNWsamfs/man/man3/sam_lstat.3 0644
opt/SUNWsamfs/man/man3/sam_mig_create_file.3 0644
opt/SUNWsamfs/man/man3/sam_mig_mount_media.3 0644
opt/SUNWsamfs/man/man3/sam_mig_rearchive.3 0644
opt/SUNWsamfs/man/man3/sam_mig_release_device.3 0644
opt/SUNWsamfs/man/man3/sam_mig_stage_end.3 0644
opt/SUNWsamfs/man/man3/sam_mig_stage_error.3 0644
opt/SUNWsamfs/man/man3/sam_mig_stage_file.3 0644
opt/SUNWsamfs/man/man3/sam_mig_stage_write.3 0644
opt/SUNWsamfs/man/man3/sam_opencat.3 0644
opt/SUNWsamfs/man/man3/sam_readrminfo.3 0644
opt/SUNWsamfs/man/man3/sam_rearch.3 0644
opt/SUNWsamfs/man/man3/sam_release.3 0644
opt/SUNWsamfs/man/man3/sam_request.3 0644
opt/SUNWsamfs/man/man3/sam_restore_copy.3 0644
opt/SUNWsamfs/man/man3/sam_restore_file.3 0644
opt/SUNWsamfs/man/man3/sam_segment.3 0644
opt/SUNWsamfs/man/man3/sam_segment_stat.3 0644
opt/SUNWsamfs/man/man3/sam_segment_vsn_stat.3 0644
opt/SUNWsamfs/man/man3/sam_setfa.3 0644
opt/SUNWsamfs/man/man3/sam_ssum.3 0644
opt/SUNWsamfs/man/man3/sam_stage.3 0644
opt/SUNWsamfs/man/man3/sam_stat.3 0644
opt/SUNWsamfs/man/man3/sam_unarchive.3 0644
opt/SUNWsamfs/man/man3/sam_undamage.3 0644
opt/SUNWsamfs/man/man3/sam_unrearch.3 0644
opt/SUNWsamfs/man/man3/sam_vsn_stat.3 0644
opt/SUNWsamfs/man/man3/usam_mig_cancel_stage_req.3 0644
opt/SUNWsamfs/man/man3/usam_mig_initialize.3 0644
opt/SUNWsamfs/man/man3/usam_mig_stage_file_req.3 0644
opt/SUNWsamfs/man/man3x/intro_libsam.3x 0644
opt/SUNWsamfs/man/man3x/intro_libsamrpc.3x 0644
opt/SUNWsamfs/man/man3x/sam_archive.3x 0644
opt/SUNWsamfs/man/man3x/sam_closerpc.3x 0644
opt/SUNWsamfs/man/man3x/sam_initrpc.3x 0644
opt/SUNWsamfs/man/man3x/sam_lstat.3x 0644
opt/SUNWsamfs/man/man3x/sam_release.3x 0644
opt/SUNWsamfs/man/man3x/sam_segment.3x 0644
opt/SUNWsamfs/man/man3x/sam_setfa.3x 0644
opt/SUNWsamfs/man/man3x/sam_stage.3x 0644
opt/SUNWsamfs/man/man3x/sam_stat.3x 0644
opt/SUNWsamfs/man/man5/archiver.cmd.5 0644
opt/SUNWsamfs/man/man5/defaults.conf.5 0644
opt/SUNWsamfs/man/man5/devlog.5 0444
opt/SUNWsamfs/man/man5/diskvols.conf.5 0644
opt/SUNWsamfs/man/man5/fsalogd.cmd.5 0644
opt/SUNWsamfs/man/man5/ftp.cmd.5 0644
opt/SUNWsamfs/man/man5/hosts.fs.5 0644
opt/SUNWsamfs/man/man5/hosts.fs.local.5 0644
opt/SUNWsamfs/man/man5/inquiry.conf.5 0644
opt/SUNWsamfs/man/man5/mcf.5 0644
opt/SUNWsamfs/man/man5/notify.cmd.5 0644
opt/SUNWsamfs/man/man5/nrecycler.cmd.5 0644
opt/SUNWsamfs/man/man5/preview.cmd.5 0644
opt/SUNWsamfs/man/man5/recycler.cmd.5 0644
opt/SUNWsamfs/man/man5/releaser.cmd.5 0644
opt/SUNWsamfs/man/man5/rft.cmd.5 0644
opt/SUNWsamfs/man/man5/samdb.conf.5 0644
opt/SUNWsamfs/man/man5/samfs.cmd.5 0644
opt/SUNWsamfs/man/man5/sefdata.5 0644
opt/SUNWsamfs/man/man5/sefsysevent.5 0644
opt/SUNWsamfs/man/man5/shrink.cmd.5 0644
opt/SUNWsamfs/man/man5/stager.cmd.5 0644
opt/SUNWsamfs/man/man7/sam_worm.7 0644
opt/SUNWsamfs/man/man4/acl2640.4 0644
opt/SUNWsamfs/man/man4/acl452.4 0644
opt/SUNWsamfs/man/man4/historian.4 0644
opt/SUNWsamfs/man/man7/sam-remote.7 0644
opt/SUNWsamfs/man/man4d/samaio.4d 0644
opt/SUNWsamfs/man/man4d/samioc.4d 0644
opt/SUNWsamfs/man/man8/ssi.sh.8 0644
opt/SUNWsamfs/man/man8/ssi_so.8 0644
opt/SUNWsamfs/man/man5/stk.5 0644
opt/SUNWsamfs/sbin/archive_audit 0550
opt/SUNWsamfs/sbin/archiver 0550
opt/SUNWsamfs/sbin/auditslot 0550
opt/SUNWsamfs/sbin/build_cat 0550
opt/SUNWsamfs/sbin/chmed 0550
opt/SUNWsamfs/sbin/cleandrive 0550
opt/SUNWsamfs/sbin/clientmgmt 0550
opt/SUNWsamfs/sbin/dmpshm 0550
opt/SUNWsamfs/sbin/dump_cat 0550
opt/SUNWsamfs/sbin/dump_log 0550
opt/SUNWsamfs/sbin/fsmadm 0540
opt/SUNWsamfs/sbin/fsmdb 0550
opt/SUNWsamfs/sbin/fsmupd 0550
opt/SUNWsamfs/sbin/fsmgmtd 0550
opt/SUNWsamfs/sbin/itemize 0550
opt/SUNWsamfs/sbin/move 0550
opt/SUNWsamfs/sbin/odlabel 0550
opt/SUNWsamfs/sbin/reserve 0550
opt/SUNWsamfs/sbin/sam-amld 0550
opt/SUNWsamfs/sbin/sam-archiverd 0550
opt/SUNWsamfs/sbin/sam-arcopy 0550
opt/SUNWsamfs/sbin/sam-arfind 0550
opt/SUNWsamfs/sbin/sam-catserverd 0550
opt/SUNWsamfs/sbin/sam-clientd 0550
opt/SUNWsamfs/sbin/sam-dbupd 0550
opt/SUNWsamfs/sbin/sam-fsalogd 0550
opt/SUNWsamfs/sbin/sam-genericd 0550
opt/SUNWsamfs/sbin/sam-nrecycler 0550
opt/SUNWsamfs/sbin/sam-recycler 0550
opt/SUNWsamfs/sbin/sam-releaser 0550
opt/SUNWsamfs/sbin/sam-rftd 0550
opt/SUNWsamfs/sbin/sam-robotsd 0550
opt/SUNWsamfs/sbin/sam-rpcd 0550
opt/SUNWsamfs/sbin/sam-scannerd 0550
opt/SUNWsamfs/sbin/sam-serverd 0550
opt/SUNWsamfs/sbin/sam-stagealld 0550
opt/SUNWsamfs/sbin/sam-stagerd 0550
opt/SUNWsamfs/sbin/sam-stagerd_copy 0550
opt/SUNWsamfs/sbin/samadm 0555
opt/SUNWsamfs/sbin/samchaid 0555
opt/SUNWsamfs/sbin/samcrondump 0550
opt/SUNWsamfs/sbin/samd 0740
opt/SUNWsamfs/sbin/samdb 0550
opt/SUNWsamfs/sbin/samexplorer 0550
opt/SUNWsamfs/sbin/samexport 0550
opt/SUNWsamfs/sbin/samfsconfig 0550
opt/SUNWsamfs/sbin/samimport 0550
opt/SUNWsamfs/sbin/samload 0550
opt/SUNWsamfs/sbin/samquota 0555
opt/SUNWsamfs/sbin/samquotastat 0555
opt/SUNWsamfs/sbin/samset 0550
opt/SUNWsamfs/sbin/samsharefs 0550
opt/SUNWsamfs/sbin/samstorade 0555
opt/SUNWsamfs/sbin/samu 0550
opt/SUNWsamfs/sbin/sefreport 0550
opt/SUNWsamfs/sbin/set_admin 0550
opt/SUNWsamfs/sbin/set_state 0550
opt/SUNWsamfs/sbin/showqueue 0550
opt/SUNWsamfs/sbin/star 0550
opt/SUNWsamfs/sbin/tapealert 0550
opt/SUNWsamfs/sbin/tplabel 0550
opt/SUNWsamfs/sbin/trace_rotate 0555
opt/SUNWsamfs/sbin/unarchive 0550
opt/SUNWsamfs/sbin/unload 0550
opt/SUNWsamfs/sbin/unreserve 0550
opt/SUNWsamfs/util/check_mcf.pl 0550
opt/SUNWsamfs/util/readshm 0550
opt/SUNWsamfs/util/samtrace 0550
opt/SUNWsamfs/util/trace 0550
var/opt/SUNWsamfs/errcodes/acl2640 0640
var/opt/SUNWsamfs/errcodes/acl452 0640
var/opt/SUNWsamfs/errcodes/adic100 0640
var/opt/SUNWsamfs/errcodes/adic1000 0640
var/opt/SUNWsamfs/errcodes/adic448 0640
var/opt/SUNWsamfs/errcodes/atl1500 0640
var/opt/SUNWsamfs/errcodes/atlp3000 0640
var/opt/SUNWsamfs/errcodes/cyg1803 0640
var/opt/SUNWsamfs/errcodes/dlt2700 0640
var/opt/SUNWsamfs/errcodes/docstor 0640
var/opt/SUNWsamfs/errcodes/exb210 0640
var/opt/SUNWsamfs/errcodes/exbx80 0640
var/opt/SUNWsamfs/errcodes/fujitsu_nm 0640
var/opt/SUNWsamfs/errcodes/hpc7200 0640
var/opt/SUNWsamfs/errcodes/hpoplib 0640
var/opt/SUNWsamfs/errcodes/hpslxx 0640
var/opt/SUNWsamfs/errcodes/ibm3570c 0640
var/opt/SUNWsamfs/errcodes/ibm3584 0640
var/opt/SUNWsamfs/errcodes/metd28 0640
var/opt/SUNWsamfs/errcodes/metd360 0640
var/opt/SUNWsamfs/errcodes/odi_neo 0640
var/opt/SUNWsamfs/errcodes/plasmond 0640
var/opt/SUNWsamfs/errcodes/plasmong 0640
var/opt/SUNWsamfs/errcodes/qual82xx 0640
var/opt/SUNWsamfs/errcodes/quantumc4 0640
var/opt/SUNWsamfs/errcodes/sonycsm 0640
var/opt/SUNWsamfs/errcodes/sonydms 0640
var/opt/SUNWsamfs/errcodes/spcpyth 0640
var/opt/SUNWsamfs/errcodes/speclog 0640
var/opt/SUNWsamfs/errcodes/stk97xx 0640
var/opt/SUNWsamfs/errcodes/stklxx 0640
var/opt/SUNWsamfs/errcodes/stksl3000 0640
lib/svc/method/svc-sam-fsd 0755
usr/lib/devfsadm/linkmod/SUNW_samaio_link.so 0750
usr/lib/fs/samfs/64/fsck 0755
usr/lib/fs/samfs/64/libsamconf.so 0755
usr/lib/fs/samfs/64/mkfs 0755
usr/lib/fs/samfs/bcheck 0750
usr/lib/fs/samfs/fsck 0755
usr/lib/fs/samfs/fstyp 0750
usr/lib/fs/samfs/32/fsck 0755
usr/lib/fs/samfs/32/mkfs 0755
usr/lib/fs/samfs/libsamconf.so 0755
usr/lib/fs/samfs/mkfs 0755
usr/lib/fs/samfs/ncheck 0750
usr/lib/fs/samfs/sam-fsd 0500
usr/lib/fs/samfs/samfsrestore 0750
usr/lib/locale/C/LC_MESSAGES/SUNWsamfs 0444
opt/SUNWsamfs/bin/notify 0755
opt/SUNWsamfs/bin/tapealert_log 0755
opt/SUNWsamfs/bin/tapealert_trap 0755
var/svc/manifest/system/sam-fsd.xml 0444
opt/SUNWsamfs/doc/OPENSOLARIS.LICENSE 0444
