etc/fs/samfs/mount 0750
etc/fs/samfs/umount 0750
etc/sysevent/config/SUNW,SUNWsamfs,sysevent.conf 0644
kernel/drv/64/samaio 0755
kernel/drv/64/samioc 0755
kernel/drv/samaio.conf 0644
kernel/drv/samioc.conf 0644
kernel/fs/64/samfs 0755
lib/svc/method/svc-qfs-shared-mount 0555
opt/SUNWsamfs/bin/archive 0755
opt/SUNWsamfs/bin/request 0755
opt/SUNWsamfs/bin/schproj 04755
opt/SUNWsamfs/bin/sdu 0755
opt/SUNWsamfs/bin/sfind 0755
opt/SUNWsamfs/bin/sls 0755
opt/SUNWsamfs/client/examples/Makefile 0644
opt/SUNWsamfs/client/examples/archive.c 0644
opt/SUNWsamfs/client/examples/samstat.c 0644
opt/SUNWsamfs/client/lib/libsamrpc.so 0755
opt/SUNWsamfs/client/src/client/Makefile 0644
opt/SUNWsamfs/client/src/client/sam_attrtoa.c 0644
opt/SUNWsamfs/client/src/client/samfs_clnt.c 0644
opt/SUNWsamfs/client/src/client/samrpc.c 0644
opt/SUNWsamfs/client/src/xdr/Makefile 0644
opt/SUNWsamfs/client/src/xdr/sam_xdr.c 0644
opt/SUNWsamfs/doc/tapealert.text 0640
opt/SUNWsamfs/etc/samdb.schema 0640
opt/SUNWsamfs/etc/samdb_sql.cat 0640
opt/SUNWsamfs/etc/startup/samsyschk 0550
opt/SUNWsamfs/examples/archiver.sh 0754
opt/SUNWsamfs/examples/defaults.conf 0644
opt/SUNWsamfs/examples/inquiry.conf 0644
opt/SUNWsamfs/examples/log_rotate.sh 0754
opt/SUNWsamfs/examples/recover.sh 0754
opt/SUNWsamfs/examples/recycler.sh 0754
opt/SUNWsamfs/examples/save_core.sh 0754
opt/SUNWsamfs/examples/ssi.sh 0754
opt/SUNWsamfs/examples/tarback.sh 0754
opt/SUNWsamfs/include/catalog.h 0644
opt/SUNWsamfs/include/devstat.h 0644
opt/SUNWsamfs/include/lib.h 0644
opt/SUNWsamfs/include/listio.h 0644
opt/SUNWsamfs/include/mig.h 0644
opt/SUNWsamfs/include/rminfo.h 0644
opt/SUNWsamfs/include/samrpc.h 0644
opt/SUNWsamfs/include/sefstructs.h 0644
opt/SUNWsamfs/include/sefvals.h 0644
opt/SUNWsamfs/include/stat.h 0644
opt/SUNWsamfs/include/version.h 0644
opt/SUNWsamfs/lib/64/libsam.so 0755
opt/SUNWsamfs/lib/libarch.so 0755
opt/SUNWsamfs/lib/libfsmdb.so 0755
opt/SUNWsamfs/lib/libfsmgmt.so 0755
opt/SUNWsamfs/lib/libpax_hdr.so 0755
opt/SUNWsamfs/lib/librecycler.so 0755
opt/SUNWsamfs/lib/libsam.so 0755
opt/SUNWsamfs/lib/libsamapi.so 0755
opt/SUNWsamfs/lib/libsamcat.so 0755
opt/SUNWsamfs/lib/libsamdb.so 0755
opt/SUNWsamfs/lib/libsamfs.so 0755
opt/SUNWsamfs/lib/libsammig.so 0755
opt/SUNWsamfs/lib/libsamrft.so 0755
opt/SUNWsamfs/lib/libsamut.so 0755
opt/SUNWsamfs/lib/libstager.so 0755
opt/SUNWsamfs/man/man1/archive.1 0644
opt/SUNWsamfs/man/man1/release.1 0644
opt/SUNWsamfs/man/man1/request.1 0644
opt/SUNWsamfs/man/man1/schproj.1 0644
opt/SUNWsamfs/man/man1/sdu.1 0644
opt/SUNWsamfs/man/man1/segment.1 0644
opt/SUNWsamfs/man/man1/setfa.1 0644
opt/SUNWsamfs/man/man1/sfind.1 0644
opt/SUNWsamfs/man/man1/sls.1 0644
opt/SUNWsamfs/man/man1/squota.1 0644
opt/SUNWsamfs/man/man1/ssum.1 0644
opt/SUNWsamfs/man/man1/stage.1 0644
opt/SUNWsamfs/man/man1m/HAStoragePlus_samfs.1m 0644
opt/SUNWsamfs/man/man1m/archive_audit.1m 0444
opt/SUNWsamfs/man/man1m/archiver.1m 0644
opt/SUNWsamfs/man/man1m/archiver.sh.1m 0644
opt/SUNWsamfs/man/man1m/auditslot.1m 0644
opt/SUNWsamfs/man/man1m/backto.1m 0644
opt/SUNWsamfs/man/man1m/build_cat.1m 0644
opt/SUNWsamfs/man/man1m/chmed.1m 0644
opt/SUNWsamfs/man/man1m/cleandrive.1m 0644
opt/SUNWsamfs/man/man1m/dev_down.sh.1m 0644
opt/SUNWsamfs/man/man1m/dmpshm.1m 0644
opt/SUNWsamfs/man/man1m/dump_cat.1m 0644
opt/SUNWsamfs/man/man1m/dump_log.1m 0644
opt/SUNWsamfs/man/man1m/exarchive.1m 0644
opt/SUNWsamfs/man/man1m/export.1m 0644
opt/SUNWsamfs/man/man1m/fsmadm.1m 0444
opt/SUNWsamfs/man/man1m/fsmdb.1m 0644
opt/SUNWsamfs/man/man1m/fsmgmtd.1m 0444
opt/SUNWsamfs/man/man1m/generic.1m 0644
opt/SUNWsamfs/man/man1m/import.1m 0644
opt/SUNWsamfs/man/man1m/itemize.1m 0644
opt/SUNWsamfs/man/man1m/load.1m 0644
opt/SUNWsamfs/man/man1m/load_notify.sh.1m 0644
opt/SUNWsamfs/man/man1m/log_rotate.sh.1m 0644
opt/SUNWsamfs/man/man1m/mount_samfs.1m 0644
opt/SUNWsamfs/man/man1m/move.1m 0644
opt/SUNWsamfs/man/man1m/nrecycler.sh.1m 0644
opt/SUNWsamfs/man/man1m/odlabel.1m 0644
opt/SUNWsamfs/man/man1m/rearch.1m 0644
opt/SUNWsamfs/man/man1m/recover.sh.1m 0644
opt/SUNWsamfs/man/man1m/recycler.1m 0644
opt/SUNWsamfs/man/man1m/recycler.sh.1m 0644
opt/SUNWsamfs/man/man1m/releaser.1m 0644
opt/SUNWsamfs/man/man1m/reserve.1m 0644
opt/SUNWsamfs/man/man1m/restore.sh.1m 0644
opt/SUNWsamfs/man/man1m/robots.1m 0644
opt/SUNWsamfs/man/man1m/rpc.sam.1m 0644
opt/SUNWsamfs/man/man1m/sam-amld.1m 0644
opt/SUNWsamfs/man/man1m/sam-archiverd.1m 0644
opt/SUNWsamfs/man/man1m/sam-arcopy.1m 0644
opt/SUNWsamfs/man/man1m/sam-arfind.1m 0644
opt/SUNWsamfs/man/man1m/sam-catserverd.1m 0644
opt/SUNWsamfs/man/man1m/sam-clientd.1m 0644
opt/SUNWsamfs/man/man1m/sam-dbupd.1m 0644
opt/SUNWsamfs/man/man1m/sam-fsalogd.1m 0644
opt/SUNWsamfs/man/man1m/sam-fsd.1m 0644
opt/SUNWsamfs/man/man1m/sam-ftpd.1m 0644
opt/SUNWsamfs/man/man1m/sam-genericd.1m 0644
opt/SUNWsamfs/man/man1m/sam-nrecycler.1m 0644
opt/SUNWsamfs/man/man1m/sam-recycler.1m 0644
opt/SUNWsamfs/man/man1m/sam-releaser.1m 0644
opt/SUNWsamfs/man/man1m/sam-rftd.1m 0644
opt/SUNWsamfs/man/man1m/sam-robotsd.1m 0644
opt/SUNWsamfs/man/man1m/sam-rpcd.1m 0644
opt/SUNWsamfs/man/man1m/sam-scannerd.1m 0644
opt/SUNWsamfs/man/man1m/sam-serverd.1m 0644
opt/SUNWsamfs/man/man1m/sam-sharefsd.1m 0644
opt/SUNWsamfs/man/man1m/sam-shrink.1m 0644
opt/SUNWsamfs/man/man1m/sam-stagealld.1m 0644
opt/SUNWsamfs/man/man1m/sam-stagerd.1m 0644
opt/SUNWsamfs/man/man1m/sam-stagerd_copy.1m 0644
opt/SUNWsamfs/man/man1m/sam-stk_helper.1m 0644
opt/SUNWsamfs/man/man1m/sam-stkd.1m 0644
opt/SUNWsamfs/man/man1m/samadm.1m 0644
opt/SUNWsamfs/man/man1m/sambcheck.1m 0644
opt/SUNWsamfs/man/man1m/samchaid.1m 0644
opt/SUNWsamfs/man/man1m/samcmd.1m 0644
opt/SUNWsamfs/man/man1m/samcrondump.1m 0644
opt/SUNWsamfs/man/man1m/samcronfix.1m 0644
opt/SUNWsamfs/man/man1m/samd.1m 0644
opt/SUNWsamfs/man/man1m/samdb.1m 0644
opt/SUNWsamfs/man/man1m/samexplorer.1m 0644
opt/SUNWsamfs/man/man1m/samexport.1m 0644
opt/SUNWsamfs/man/man1m/samfsck.1m 0644
opt/SUNWsamfs/man/man1m/samfsconfig.1m 0644
opt/SUNWsamfs/man/man1m/samfsdump.1m 0644
opt/SUNWsamfs/man/man1m/samfsinfo.1m 0644
opt/SUNWsamfs/man/man1m/samfsrestore.1m 0644
opt/SUNWsamfs/man/man1m/samfstyp.1m 0644
opt/SUNWsamfs/man/man1m/samgrowfs.1m 0644
opt/SUNWsamfs/man/man1m/samimport.1m 0644
opt/SUNWsamfs/man/man1m/samload.1m 0644
opt/SUNWsamfs/man/man1m/sammkfs.1m 0644
opt/SUNWsamfs/man/man1m/samncheck.1m 0644
opt/SUNWsamfs/man/man1m/samquota.1m 0644
opt/SUNWsamfs/man/man1m/samquotastat.1m 0644
opt/SUNWsamfs/man/man1m/samset.1m 0644
opt/SUNWsamfs/man/man1m/samsharefs.1m 0644
opt/SUNWsamfs/man/man1m/samsnoop.1m 0644
opt/SUNWsamfs/man/man1m/samstorade.1m 0644
opt/SUNWsamfs/man/man1m/samtrace.1m 0644
opt/SUNWsamfs/man/man1m/samu.1m 0644
opt/SUNWsamfs/man/man1m/samunhold.1m 0644
opt/SUNWsamfs/man/man1m/save_core.sh.1m 0644
opt/SUNWsamfs/man/man1m/scanner.1m 0644
opt/SUNWsamfs/man/man1m/sefreport.1m 0644
opt/SUNWsamfs/man/man1m/sendtrap.1m 0644
opt/SUNWsamfs/man/man1m/set_admin.1m 0644
opt/SUNWsamfs/man/man1m/set_state.1m 0644
opt/SUNWsamfs/man/man1m/showqueue.1m 0644
opt/SUNWsamfs/man/man1m/stageall.1m 0644
opt/SUNWsamfs/man/man1m/stageback.sh.1m 0644
opt/SUNWsamfs/man/man1m/star.1m 0644
opt/SUNWsamfs/man/man1m/tapealert.1m 0444
opt/SUNWsamfs/man/man1m/tarback.sh.1m 0644
opt/SUNWsamfs/man/man1m/tplabel.1m 0644
opt/SUNWsamfs/man/man1m/trace_rotate.1m 0644
opt/SUNWsamfs/man/man1m/umount_samfs.1m 0444
opt/SUNWsamfs/man/man1m/unarchive.1m 0444
opt/SUNWsamfs/man/man1m/undamage.1m 0644
opt/SUNWsamfs/man/man1m/unload.1m 0444
opt/SUNWsamfs/man/man1m/unrearch.1m 0644
opt/SUNWsamfs/man/man1m/unreserve.1m 0644
opt/SUNWsamfs/man/man3/intro_libsam.3 0644
opt/SUNWsamfs/man/man3/intro_libsamrpc.3 0644
opt/SUNWsamfs/man/man3/qfs_listio.3 0644
opt/SUNWsamfs/man/man3/sam_advise.3 0644
opt/SUNWsamfs/man/man3/sam_archive.3 0644
opt/SUNWsamfs/man/man3/sam_cancelstage.3 0644
opt/SUNWsamfs/man/man3/sam_closecat.3 0644
opt/SUNWsamfs/man/man3/sam_damage.3 0644
opt/SUNWsamfs/man/man3/sam_devstat.3 0644
opt/SUNWsamfs/man/man3/sam_devstr.3 0644
opt/SUNWsamfs/man/man3/sam_exarchive.3 0644
opt/SUNWsamfs/man/man3/sam_getcatalog.3 0644
opt/SUNWsamfs/man/man3/sam_lstat.3 0644
opt/SUNWsamfs/man/man3/sam_mig_create_file.3 0644
opt/SUNWsamfs/man/man3/sam_mig_mount_media.3 0644
opt/SUNWsamfs/man/man3/sam_mig_rearchive.3 0644
opt/SUNWsamfs/man/man3/sam_mig_release_device.3 0644
opt/SUNWsamfs/man/man3/sam_mig_stage_end.3 0644
opt/SUNWsamfs/man/man3/sam_mig_stage_error.3 0644
opt/SUNWsamfs/man/man3/sam_mig_stage_file.3 0644
opt/SUNWsamfs/man/man3/sam_mig_stage_write.3 0644
opt/SUNWsamfs/man/man3/sam_opencat.3 0644
opt/SUNWsamfs/man/man3/sam_readrminfo.3 0644
opt/SUNWsamfs/man/man3/sam_rearch.3 0644
opt/SUNWsamfs/man/man3/sam_release.3 0644
opt/SUNWsamfs/man/man3/sam_request.3 0644
opt/SUNWsamfs/man/man3/sam_restore_copy.3 0644
opt/SUNWsamfs/man/man3/sam_restore_file.3 0644
opt/SUNWsamfs/man/man3/sam_segment.3 0644
opt/SUNWsamfs/man/man3/sam_segment_stat.3 0644
opt/SUNWsamfs/man/man3/sam_segment_vsn_stat.3 0644
opt/SUNWsamfs/man/man3/sam_setfa.3 0644
opt/SUNWsamfs/man/man3/sam_ssum.3 0644
opt/SUNWsamfs/man/man3/sam_stage.3 0644
opt/SUNWsamfs/man/man3/sam_stat.3 0644
opt/SUNWsamfs/man/man3/sam_unarchive.3 0644
opt/SUNWsamfs/man/man3/sam_undamage.3 0644
opt/SUNWsamfs/man/man3/sam_unrearch.3 0644
opt/SUNWsamfs/man/man3/sam_vsn_stat.3 0644
opt/SUNWsamfs/man/man3/usam_mig_cancel_stage_req.3 0644
opt/SUNWsamfs/man/man3/usam_mig_initialize.3 0644
opt/SUNWsamfs/man/man3/usam_mig_stage_file_req.3 0644
opt/SUNWsamfs/man/man3x/intro_libsam.3x 0644
opt/SUNWsamfs/man/man3x/intro_libsamrpc.3x 0644
opt/SUNWsamfs/man/man3x/sam_archive.3x 0644
opt/SUNWsamfs/man/man3x/sam_closerpc.3x 0644
opt/SUNWsamfs/man/man3x/sam_initrpc.3x 0644
opt/SUNWsamfs/man/man3x/sam_lstat.3x 0644
opt/SUNWsamfs/man/man3x/sam_release.3x 0644
opt/SUNWsamfs/man/man3x/sam_segment.3x 0644
opt/SUNWsamfs/man/man3x/sam_setfa.3x 0644
opt/SUNWsamfs/man/man3x/sam_stage.3x 0644
opt/SUNWsamfs/man/man3x/sam_stat.3x 0644
opt/SUNWsamfs/man/man4/archiver.cmd.4 0644
opt/SUNWsamfs/man/man4/defaults.conf.4 0644
opt/SUNWsamfs/man/man4/devlog.4 0444
opt/SUNWsamfs/man/man4/diskvols.conf.4 0644
opt/SUNWsamfs/man/man4/fsalogd.cmd.4 0644
opt/SUNWsamfs/man/man4/ftp.cmd.4 0644
opt/SUNWsamfs/man/man4/hosts.fs.4 0644
opt/SUNWsamfs/man/man4/hosts.fs.local.4 0644
opt/SUNWsamfs/man/man4/inquiry.conf.4 0644
opt/SUNWsamfs/man/man4/mcf.4 0644
opt/SUNWsamfs/man/man4/notify.cmd.4 0644
opt/SUNWsamfs/man/man4/nrecycler.cmd.4 0644
opt/SUNWsamfs/man/man4/preview.cmd.4 0644
opt/SUNWsamfs/man/man4/recycler.cmd.4 0644
opt/SUNWsamfs/man/man4/releaser.cmd.4 0644
opt/SUNWsamfs/man/man4/rft.cmd.4 0644
opt/SUNWsamfs/man/man4/samdb.conf.4 0644
opt/SUNWsamfs/man/man4/samfs.cmd.4 0644
opt/SUNWsamfs/man/man4/sefdata.4 0644
opt/SUNWsamfs/man/man4/sefsysevent.4 0644
opt/SUNWsamfs/man/man4/shrink.cmd.4 0644
opt/SUNWsamfs/man/man4/stager.cmd.4 0644
opt/SUNWsamfs/man/man5/media.5 0644
opt/SUNWsamfs/man/man5/sam_worm.5 0644
opt/SUNWsamfs/man/man7/acl2640.7 0644
opt/SUNWsamfs/man/man7/acl452.7 0644
opt/SUNWsamfs/man/man7/historian.7 0644
opt/SUNWsamfs/man/man7/sam-remote.7 0644
opt/SUNWsamfs/man/man7/samaio.7 0644
opt/SUNWsamfs/man/man7/ssi.sh.7 0644
opt/SUNWsamfs/man/man7/ssi_so.7 0644
opt/SUNWsamfs/man/man7/stk.7 0644
opt/SUNWsamfs/sbin/64/samtrace 0550
opt/SUNWsamfs/sbin/archive_audit 0550
opt/SUNWsamfs/sbin/archiver 0550
opt/SUNWsamfs/sbin/auditslot 0550
opt/SUNWsamfs/sbin/build_cat 0550
opt/SUNWsamfs/sbin/chmed 0550
opt/SUNWsamfs/sbin/cleandrive 0550
opt/SUNWsamfs/sbin/clientmgmt 0550
opt/SUNWsamfs/sbin/dmpshm 0550
opt/SUNWsamfs/sbin/dump_cat 0550
opt/SUNWsamfs/sbin/dump_log 0550
opt/SUNWsamfs/sbin/fsmadm 0540
opt/SUNWsamfs/sbin/fsmdb 0550
opt/SUNWsamfs/sbin/fsmupd 0550
opt/SUNWsamfs/sbin/fsmgmtd 0550
opt/SUNWsamfs/sbin/32/samtrace 0550
opt/SUNWsamfs/sbin/itemize 0550
opt/SUNWsamfs/sbin/move 0550
opt/SUNWsamfs/sbin/odlabel 0550
opt/SUNWsamfs/sbin/reserve 0550
opt/SUNWsamfs/sbin/sam-amld 0550
opt/SUNWsamfs/sbin/sam-archiverd 0550
opt/SUNWsamfs/sbin/sam-arcopy 0550
opt/SUNWsamfs/sbin/sam-arfind 0550
opt/SUNWsamfs/sbin/sam-catserverd 0550
opt/SUNWsamfs/sbin/sam-clientd 0550
opt/SUNWsamfs/sbin/sam-dbupd 0550
opt/SUNWsamfs/sbin/sam-fsalogd 0550
opt/SUNWsamfs/sbin/sam-genericd 0550
opt/SUNWsamfs/sbin/sam-nrecycler 0550
opt/SUNWsamfs/sbin/sam-recycler 0550
opt/SUNWsamfs/sbin/sam-releaser 0550
opt/SUNWsamfs/sbin/sam-rftd 0550
opt/SUNWsamfs/sbin/sam-robotsd 0550
opt/SUNWsamfs/sbin/sam-rpcd 0550
opt/SUNWsamfs/sbin/sam-scannerd 0550
opt/SUNWsamfs/sbin/sam-serverd 0550
opt/SUNWsamfs/sbin/sam-stagealld 0550
opt/SUNWsamfs/sbin/sam-stagerd 0550
opt/SUNWsamfs/sbin/sam-stagerd_copy 0550
opt/SUNWsamfs/sbin/samadm 0555
opt/SUNWsamfs/sbin/samchaid 0555
opt/SUNWsamfs/sbin/samcrondump 0550
opt/SUNWsamfs/sbin/samd 0740
opt/SUNWsamfs/sbin/samdb 0550
opt/SUNWsamfs/sbin/samexplorer 0550
opt/SUNWsamfs/sbin/samexport 0550
opt/SUNWsamfs/sbin/samfsconfig 0550
opt/SUNWsamfs/sbin/samimport 0550
opt/SUNWsamfs/sbin/samload 0550
opt/SUNWsamfs/sbin/samquota 0555
opt/SUNWsamfs/sbin/samquotastat 0555
opt/SUNWsamfs/sbin/samset 0550
opt/SUNWsamfs/sbin/samsharefs 0550
opt/SUNWsamfs/sbin/samstorade 0555
opt/SUNWsamfs/sbin/samtrace 0550
opt/SUNWsamfs/sbin/samu 0550
opt/SUNWsamfs/sbin/sefreport 0550
opt/SUNWsamfs/sbin/set_admin 0550
opt/SUNWsamfs/sbin/set_state 0550
opt/SUNWsamfs/sbin/showqueue 0550
opt/SUNWsamfs/sbin/star 0550
opt/SUNWsamfs/sbin/tapealert 0550
opt/SUNWsamfs/sbin/tplabel 0550
opt/SUNWsamfs/sbin/trace_rotate 0555
opt/SUNWsamfs/sbin/unarchive 0550
opt/SUNWsamfs/sbin/unload 0550
opt/SUNWsamfs/sbin/unreserve 0550
opt/SUNWsamfs/util/check_mcf.pl 0550
var/opt/SUNWsamfs/errcodes/acl2640 0640
var/opt/SUNWsamfs/errcodes/acl452 0640
var/opt/SUNWsamfs/errcodes/adic100 0640
var/opt/SUNWsamfs/errcodes/adic1000 0640
var/opt/SUNWsamfs/errcodes/adic448 0640
var/opt/SUNWsamfs/errcodes/atl1500 0640
var/opt/SUNWsamfs/errcodes/atlp3000 0640
var/opt/SUNWsamfs/errcodes/cyg1803 0640
var/opt/SUNWsamfs/errcodes/dlt2700 0640
var/opt/SUNWsamfs/errcodes/docstor 0640
var/opt/SUNWsamfs/errcodes/exb210 0640
var/opt/SUNWsamfs/errcodes/exbx80 0640
var/opt/SUNWsamfs/errcodes/fujitsu_nm 0640
var/opt/SUNWsamfs/errcodes/hpc7200 0640
var/opt/SUNWsamfs/errcodes/hpoplib 0640
var/opt/SUNWsamfs/errcodes/hpslxx 0640
var/opt/SUNWsamfs/errcodes/ibm3570c 0640
var/opt/SUNWsamfs/errcodes/ibm3584 0640
var/opt/SUNWsamfs/errcodes/metd28 0640
var/opt/SUNWsamfs/errcodes/metd360 0640
var/opt/SUNWsamfs/errcodes/odi_neo 0640
var/opt/SUNWsamfs/errcodes/plasmond 0640
var/opt/SUNWsamfs/errcodes/plasmong 0640
var/opt/SUNWsamfs/errcodes/qual82xx 0640
var/opt/SUNWsamfs/errcodes/quantumc4 0640
var/opt/SUNWsamfs/errcodes/sonycsm 0640
var/opt/SUNWsamfs/errcodes/sonydms 0640
var/opt/SUNWsamfs/errcodes/spcpyth 0640
var/opt/SUNWsamfs/errcodes/speclog 0640
var/opt/SUNWsamfs/errcodes/stk97xx 0640
var/opt/SUNWsamfs/errcodes/stklxx 0640
var/opt/SUNWsamfs/errcodes/stksl3000 0640
lib/svc/method/svc-sam-fsd 0755
usr/lib/devfsadm/linkmod/SUNW_samaio_link.so 0750
usr/lib/fs/samfs/64/fsck 0755
usr/lib/fs/samfs/64/libsamconf.so 0755
usr/lib/fs/samfs/64/mkfs 0755
usr/lib/fs/samfs/bcheck 0750
usr/lib/fs/samfs/fsck 0755
usr/lib/fs/samfs/fstyp 0750
usr/lib/fs/samfs/32/fsck 0755
usr/lib/fs/samfs/32/mkfs 0755
usr/lib/fs/samfs/libsamconf.so 0755
usr/lib/fs/samfs/mkfs 0755
usr/lib/fs/samfs/ncheck 0750
usr/lib/fs/samfs/sam-fsd 0500
usr/lib/fs/samfs/samfsrestore 0750
usr/lib/locale/C/LC_MESSAGES/SUNWsamfs 0444
opt/SUNWsamfs/bin/notify 0755
opt/SUNWsamfs/bin/tapealert_log 0755
opt/SUNWsamfs/bin/tapealert_trap 0755
var/svc/manifest/system/sam-fsd.xml 0444
opt/SUNWsamfs/doc/OPENSOLARIS.LICENSE 0444
