opt/SUNWsamfs/bin/release archive
opt/SUNWsamfs/bin/segment archive
opt/SUNWsamfs/bin/setfa archive
opt/SUNWsamfs/bin/squota ../sbin/samquota
opt/SUNWsamfs/bin/ssum archive
opt/SUNWsamfs/bin/stage archive
opt/SUNWsamfs/client/include/samrpc.h /opt/SUNWsamfs/include/samrpc.h
opt/SUNWsamfs/client/lib/libsamrpc.so /opt/SUNWsamfs/lib/64/libsamrpc.so
opt/SUNWsamfs/sbin/exarchive unarchive
opt/SUNWsamfs/sbin/export samexport
opt/SUNWsamfs/sbin/import samimport
opt/SUNWsamfs/sbin/load samload
opt/SUNWsamfs/sbin/rearch unarchive
opt/SUNWsamfs/sbin/undamage unarchive
opt/SUNWsamfs/sbin/unrearch unarchive
opt/SUNWsamfs/zone/bin/release archive
opt/SUNWsamfs/zone/bin/segment archive
opt/SUNWsamfs/zone/bin/setfa archive
opt/SUNWsamfs/zone/bin/squota ../sbin/samquota
opt/SUNWsamfs/zone/bin/ssum archive
opt/SUNWsamfs/zone/bin/stage archive
opt/SUNWsamfs/lib/64/libsamconf.so /usr/lib/fs/samfs/64/libsamconf.so
opt/SUNWsamfs/lib/libsamconf.so /usr/lib/fs/samfs/libsamconf.so
opt/SUNWsamfs/sbin/sam-fsd /usr/lib/fs/samfs/sam-fsd
opt/SUNWsamfs/sbin/sambcheck /usr/lib/fs/samfs/bcheck
opt/SUNWsamfs/sbin/samfsck /usr/lib/fs/samfs/fsck
opt/SUNWsamfs/sbin/samfsdump /usr/lib/fs/samfs/samfsrestore
opt/SUNWsamfs/sbin/samfsinfo /usr/lib/fs/samfs/mkfs
opt/SUNWsamfs/sbin/samfsrestore /usr/lib/fs/samfs/samfsrestore
opt/SUNWsamfs/sbin/samfstyp /usr/lib/fs/samfs/fstyp
opt/SUNWsamfs/sbin/samgrowfs /usr/lib/fs/samfs/mkfs
opt/SUNWsamfs/sbin/sammkfs /usr/lib/fs/samfs/mkfs
opt/SUNWsamfs/sbin/samncheck /usr/lib/fs/samfs/ncheck
opt/SUNWsamfs/zone/lib/libsamconf.so /usr/lib/fs/samfs/libsamconf.so
usr/lib/fs/samfs/mount /etc/fs/samfs/mount
usr/lib/fs/samfs/samfsdump samfsrestore
usr/lib/fs/samfs/umount /etc/fs/samfs/umount
